{
    "author": "John W. Chapman",
    "author_sort": "Chapman, John W.",
    "coverHref": "epub_content/9780814714218/ops/images/9780814714218.jpg",
    "coverage": "New York",
    "date": "1989",
    "description": "In this thirty-first annual volume in the American Society of Legal and Political Philosophy's NOMOS series, entitled Markets and Justice, a number of distinguished authors consider a variety of topics in the area where economics, philosophy, and political science join paths.  Included are essays such as \"Contractarian Method, Private Property, and the Market Economy,\" \"Justice Under Capitalism,\" and \"Market Choice and Human Choice.\" Authors include Joshua Cohen, MIT; Gerald F. Gaus, University of Queensland; Margaret Jane Radin, University of Southern California; and Andrzej Rapaczynski, Columbia University.",
    "description_html": "<p>In this thirty-first annual volume in the American Society of Legal and Political Philosophy's NOMOS series, entitled Markets and Justice, a number of distinguished authors consider a variety of topics in the area where economics, philosophy, and political science join paths.  Included are essays such as \"Contractarian Method, Private Property, and the Market Economy,\" \"Justice Under Capitalism,\" and \"Market Choice and Human Choice.\" Authors include Joshua Cohen, MIT; Gerald F. Gaus, University of Queensland; Margaret Jane Radin, University of Southern California; and Andrzej Rapaczynski, Columbia University.</p>",
    "format": "348 pages",
    "handle": "http://hdl.handle.net/2333.1/sqv9s6cx",
    "identifier": "9780814714218",
    "language": "eng",
    "license": "Creative Commons Attribution-NonCommercial-ShareAlike 4.0 International License",
    "license_abbreviation": "CC BY-NC-SA",
    "license_icon": "https://i.creativecommons.org/l/by-nc-sa/4.0/80x15.png",
    "license_link": "https://creativecommons.org/licenses/by-nc-sa/4.0/",
    "packageUrl": "epub_content/9780814714218",
    "publisher": "NYU Press",
    "rights": "All rights reserved",
    "rootUrl": "epub_content/9780814714218",
    "subject": "Law / Politics",
    "subtitle": "Nomos XXXI",
    "thumbHref": "epub_content/9780814714218/ops/images/9780814714218-th.jpg",
    "title": "Markets and Justice",
    "title_sort": "Markets and Justice",
    "type": "Text"
}