{
  "rootDirectory"        : "ops",

  "package" : {
    "creators"           : [
      "Ian Shapiro",
      "Robert Adams"
    ],
    "coverage"           : "New York",
    "date"               : "1998",
    "format"             : "351 Pages",
    "identifiers"        : [ "9780814739617" ],
    "language"           : "En",
    "publisher"          : "New York University Press",
    "rights"             : "All rights reserved.",
    "title"              : "Integrity and Conscience",
    "uniqueIdentifier"   : "9780814739617"
  },

  "dlts" : {
    "metadata" : {
      "authors"    : [
        "Ian Shapiro",
        "Robert Adams"
      ],
      "identifier" : "9780814739617",

      "coverage"    : "New York",
      "date"        : "1998",
      "format"      : "351 Pages",
      "language"    : "En",
      "publisher"   : "New York University Press",
      "rights"      : "All rights reserved.",
      "title"       : "Integrity and Conscience",
      "type"        : "Text",

      "rootUrl"   : "epub_content/9780814739617",
      "coverHref" : "epub_content/9780814739617/ops/images/9780814739617.jpg",
      "thumbHref" : "epub_content/9780814739617/ops/images/9780814739617-th.jpg",

      "packageUrl" : "epub_content/9780814739617"
    }
  }
}
