{
    "description_html": "\n<p>What do Catharine MacKinnon, the legacy of Brown v. Board of Education, and Lani Guinier have in common? All have, in recent years, become flashpoints for different approaches to legal reform. In the last quarter century, the study and practice of law have been profoundly influenced by a number of powerful new movements; academics and activists alike are rethinking the interaction between law and society, focusing more on the tangible effects of law on human lives than on its procedural elements.</p> <p>In this wide-ranging and comprehensive volume, Gary Minda surveys the current state of legal scholarship and activism, providing an indispensable guide to the evolution of law in America.</p>",
    "identifier": "9780814755112",
    "subject": "LAW / General",
    "subtitle": "Law and Jurisprudence At Century's End",
    "title": "Postmodern Legal Movements",
    "author": [
        "Gary Minda"
    ]
}