{
    "description_html": "\n<p>\"An excellent overview of the history of Jewish mysticism from its early beginnings to contemporary Hasidism...scholarly and complex.\"<br>&#151;<i>Library Journal</i></p> <p>\"An excellent work, clear and solidly documented by Joseph Dan on Gershom Scholem and on his work.\"<br>&#151;<i>Notes Bibliographiques</i></p> <p>\"An excellent guide to Scholem's work.\"<br>&#151;<i>Christian Century</i></p>",
    "identifier": "9780814718124",
    "subject": "RELIGION / Judaism / History",
    "title": "Gershom Scholem and the Mystical Dimension of Jewish History",
    "author": [
        "Joseph Dan"
    ]
}