{
    "collection_code": "oa-books",
    "handle": "2333.1/2z34tpd1"
}