{
    "collection_code": "oa-books",
    "handle": "2333.1/wdbrv30q"
}