{
    "author": "Jay Harris",
    "author_sort": "Harris, Jay",
    "coverHref": "epub_content/9780814744758/ops/images/9780814744758.jpg",
    "coverage": "New York",
    "date": "1991",
    "description": "\"A well-organized and engaging read.\"—Religious Studies ReviewThe first in-depth look at...an important nineteenth century Jewish thinker and historian.  Well-written [and] well- researched.\"—The Jerusalem Post Magazine\"A significant contribution to our understanding of the rise of modern Judaism in its East European manifestation.\"—ChoiceHarris examines Nachman Krochmal's work, particularly as it aimed to guide Jews through the modern revolution in metaphysical and historical thinking, thus enabling them to commit themselves to Judaism without sacrificing intellectual integrity.",
    "description_html": "<p>\"A well-organized and engaging read.\"<br>—<i>Religious Studies Review</i><br>The first in-depth look at...an important nineteenth century Jewish thinker and historian.  Well-written [and] well- researched.\"<br>—<i>The Jerusalem Post Magazine</i><br>\"A significant contribution to our understanding of the rise of modern Judaism in its East European manifestation.\"<br>—<i>Choice</i><br>Harris examines Nachman Krochmal's work, particularly as it aimed to guide Jews through the modern revolution in metaphysical and historical thinking, thus enabling them to commit themselves to Judaism without sacrificing intellectual integrity.</p>",
    "format": "352 pages",
    "handle": "http://hdl.handle.net/2333.1/tmpg4gx5",
    "identifier": "9780814744758",
    "language": "eng",
    "license": "Creative Commons Attribution-NonCommercial-ShareAlike 4.0 International License",
    "license_abbreviation": "CC BY-NC-SA",
    "license_icon": "https://i.creativecommons.org/l/by-nc-sa/4.0/80x15.png",
    "license_link": "https://creativecommons.org/licenses/by-nc-sa/4.0/",
    "packageUrl": "epub_content/9780814744758",
    "publisher": "NYU Press",
    "rights": "All rights reserved",
    "rootUrl": "epub_content/9780814744758",
    "subject": "History / Jewish Studies",
    "subtitle": "Guiding the Perplexed of the Modern Age",
    "thumbHref": "epub_content/9780814744758/ops/images/9780814744758-th.jpg",
    "title": "Nachman Krochmal",
    "title_sort": "Nachman Krochmal",
    "type": "Text"
}