{
    "author": "Richard K Vedder, Lowell E. Gallaway",
    "author_sort": "Vedder, Richard K",
    "coverHref": "epub_content/9780814788462/ops/images/9780814788462.jpg",
    "coverage": "New York",
    "date": "1997",
    "description": "Redefining the way we think about unemployment in America today, Out of Work offers devastating evidence that the major cause of high unemployment in the United States is the government itself. An Independent Institute Book",
    "description_html": "<p>Redefining the way we think about unemployment in America today, Out of Work offers devastating evidence that the major cause of high unemployment in the United States is the government itself.<br> An Independent Institute Book</p>",
    "format": "408 pages",
    "handle": "http://hdl.handle.net/2333.1/g1jwswgh",
    "identifier": "9780814788462",
    "language": "eng",
    "license": "Creative Commons Attribution-NonCommercial-ShareAlike 4.0 International License",
    "license_abbreviation": "CC BY-NC-SA",
    "license_icon": "https://i.creativecommons.org/l/by-nc-sa/4.0/80x15.png",
    "license_link": "https://creativecommons.org/licenses/by-nc-sa/4.0/",
    "nyu_press_website_buy_the_book_url": "https://nyupress.org/9780814787922",
    "packageUrl": "epub_content/9780814788462",
    "permanent_url": "https://doi.org/10.18574/nyu/9780814788462.001.0001",
    "publisher": "NYU Press",
    "rights": "All rights reserved",
    "rootUrl": "epub_content/9780814788462",
    "subject": "Politics / Sociology",
    "subtitle": "Unemployment and Government in Twentieth-Century America",
    "thumbHref": "epub_content/9780814788462/ops/images/9780814788462-th.jpg",
    "title": "Out of Work",
    "title_sort": "Out of Work",
    "type": "Text"
}