{
    "collection_code": "oa-books",
    "handle": "2333.1/9s4mw88v"
}