{
    "author": "Jody David Armour",
    "author_sort": "Armour, Jody David",
    "coverHref": "epub_content/9780814707821/ops/images/9780814707821.jpg",
    "coverage": "New York",
    "date": "1997",
    "description": "Tackling the ugly secret of unconscious racism in American society, this book provides specific solutions to counter this entrenched phenomenon.",
    "description_html": "<p>Tackling the ugly secret of unconscious racism in American society, this book provides specific solutions to counter this entrenched phenomenon.</p>",
    "format": "216 pages",
    "handle": "http://hdl.handle.net/2333.1/37pvmfhh",
    "identifier": "9780814707821",
    "language": "eng",
    "license": "Creative Commons Attribution-NonCommercial-ShareAlike 4.0 International License",
    "license_abbreviation": "CC BY-NC-SA",
    "license_icon": "https://i.creativecommons.org/l/by-nc-sa/4.0/80x15.png",
    "license_link": "https://creativecommons.org/licenses/by-nc-sa/4.0/",
    "nyu_press_website_buy_the_book_url": "https://nyupress.org/9780814706701",
    "packageUrl": "epub_content/9780814707821",
    "permanent_url": "https://doi.org/10.18574/nyu/9780814707821.001.0001",
    "publisher": "NYU Press",
    "rights": "All rights reserved",
    "rootUrl": "epub_content/9780814707821",
    "subject": "African American Studies / Law / Sociology",
    "subtitle": "The Hidden Costs of Being Black in America",
    "thumbHref": "epub_content/9780814707821/ops/images/9780814707821-th.jpg",
    "title": "Negrophobia and Reasonable Racism",
    "title_sort": "Negrophobia and Reasonable Racism",
    "type": "Text"
}